bun test v1.4.2 (744846f84)

src/lib/api/domain/daily.adapters.test.ts:
113 | 
114 | describe('getServerDailyStatus against a Connect fixture', () => {
115 | 	test('maps the fixture to the pinned DailyStatus (server cache()d accessor)', async () => {
116 | 		stubConnectFetch(fixture())
117 | 		const out = await getServerDailyStatus({ gameSlug: 'word-guess', difficulty: 'easy' })
118 | 		expect(out).toEqual(EXPECTED_DAILY)
                    ^
error: expect(received).toEqual(expected)

  {
-   "canPlay": false,
    "completedSession": {
      "attempts": 6,
      "completedAt": 2026-09-21T09:30:00.000Z,
      "score": 42,
      "status": "lost",
    },
    "hasCompleted": true,
    "mode": "daily",
    "puzzle": {
      "difficulty": "medium",
      "id": "6f1e2d3c-4b5a-4c7d-8e9f-0a1b2c3d4e5f",
      "puzzleData": {
        "answer": "APPLE",
      },
      "puzzleDate": "2026-09-21",
      "puzzleNumber": 956,
    },
  }

- Expected  - 1
+ Received  + 0

      at <anonymous> (/data/sylphx/home/tmp/td08-mut/puzzled/src/lib/api/domain/daily.adapters.test.ts:118:15)
(fail) getServerDailyStatus against a Connect fixture > maps the fixture to the pinned DailyStatus (server cache()d accessor) [9.45ms]
(pass) getServerDailyStatus against a Connect fixture > difficulty empty on the wire falls back to the request difficulty [0.42ms]
(pass) getServerTodaysPuzzle against the same fixture > maps the fixture to the pinned TodaysPuzzle [0.40ms]
173 | describe('client surface runs the same mapper over the same fixture', () => {
174 | 	test('fetchDailyStatusForClient equals the server mapping plus adapter fields', async () => {
175 | 		admitOk = true
176 | 		admitResponse = fixture()
177 | 		const out = await fetchDailyStatusForClient({ gameSlug: 'word-guess', difficulty: 'easy' })
178 | 		expect(out).toEqual({
                    ^
error: expect(received).toEqual(expected)

  {
    "authority": "connect",
-   "canPlay": false,
    "completedSession": {
      "attempts": 6,
      "completedAt": 2026-09-21T09:30:00.000Z,
      "score": 42,
      "status": "lost",
    },
    "hasCompleted": true,
    "mode": "daily",
    "puzzle": {
      "difficulty": "medium",
      "id": "6f1e2d3c-4b5a-4c7d-8e9f-0a1b2c3d4e5f",
      "puzzleData": {
        "answer": "APPLE",
      },
      "puzzleDate": "2026-09-21",
      "puzzleNumber": 956,
    },
    "slice": "S2-daily-connect",
  }

- Expected  - 1
+ Received  + 0

      at <anonymous> (/data/sylphx/home/tmp/td08-mut/puzzled/src/lib/api/domain/daily.adapters.test.ts:178:15)
(fail) client surface runs the same mapper over the same fixture > fetchDailyStatusForClient equals the server mapping plus adapter fields [0.72ms]
(pass) client surface runs the same mapper over the same fixture > fetchTodaysPuzzleForClient pins the puzzle projection plus adapter fields [0.19ms]
(pass) client surface runs the same mapper over the same fixture > admission failure keeps the fail-closed ApiError surface [0.21ms]

src/lib/api/domain/daily.test.ts:
40 | }
41 | 
42 | describe('mapDailyStatus', () => {
43 | 	test('pins every field of a completed lost session', () => {
44 | 		const out = mapDailyStatus(fixture(), 'easy')
45 | 		expect(out).toEqual({
                   ^
error: expect(received).toEqual(expected)

  {
-   "canPlay": false,
    "completedSession": {
      "attempts": 6,
      "completedAt": 2026-09-21T09:30:00.000Z,
      "score": 42,
      "status": "lost",
    },
    "hasCompleted": true,
    "mode": "daily",
    "puzzle": {
      "difficulty": "medium",
      "id": "6f1e2d3c-4b5a-4c7d-8e9f-0a1b2c3d4e5f",
      "puzzleData": {
        "answer": "APPLE",
        "clue": "fruit",
      },
      "puzzleDate": "2026-09-21",
      "puzzleNumber": 956,
    },
  }

- Expected  - 1
+ Received  + 0

      at <anonymous> (/data/sylphx/home/tmp/td08-mut/puzzled/src/lib/api/domain/daily.test.ts:45:15)
(fail) mapDailyStatus > pins every field of a completed lost session [0.34ms]
(pass) mapDailyStatus > a completion that is not won/lost fails closed to null [0.07ms]
(pass) mapDailyStatus > hasCompleted without a completion payload yields null [0.03ms]
(pass) mapDailyStatus > a zero timestamp stays the epoch date (unchanged semantics) [0.03ms]
(pass) mapDailyStatus > an out-of-range completedAtMs collapses to null [0.03ms]
(pass) mapDailyStatus > non-UUID puzzle id is omitted; difficulty falls back to the request [0.07ms]
(pass) mapDailyStatus > both difficulties empty yield null [0.02ms]
(pass) mapDailyStatus > invalid puzzleDataJson yields null, never a throw [0.04ms]
(pass) mapDailyStatus > empty puzzleDataJson yields null [0.02ms]
(pass) mapTodaysPuzzle > pins the puzzle projection of the same fixture [0.02ms]
(pass) mapTodaysPuzzle > served puzzle id gate and difficulty fallback match DailyStatus [0.02ms]

 14 pass
 3 fail
 20 expect() calls
Ran 17 tests across 2 files. [302.00ms]
